[
  Item {
    id: ItemId(1)
    kind: ItemKind::Let(Let {
        binding: Ident {
          id: IdentId(1)
          name: "foo"
        }
        ty: 
        value: Option::Some(Expr {
            id: ExprId(2)
            kind: ExprKind::Loop(Loop {
                block: Block {
                  stmts: [
                    Stmt {
                      id: StmtId(1)
                      kind: StmtKind::Let(Let {
                          binding: Ident {
                            id: IdentId(2)
                            name: "x"
                          }
                          ty: 
                          value: Option::Some(Expr {
                              id: ExprId(1)
                              kind: ExprKind::Ident(Ident {
                                  id: IdentId(3)
                                  name: "x"
                                }
                              )
                            }
                          )
                        }
                      )
                    }
                  ]
                  expr: 
                }
              }
            )
          }
        )
      }
    )
  }
]
